usage: agentrepl-test [-c key=value ...] [-raw] [-h]

flags:
  -c key=value   set an agentkit config value (repeatable); see config keys via /help at runtime
  -raw           emit the raw, undecorated message stream
  -h, -help      show this catalog and exit

providers:
  enum        (ENUM_KEY)
  range       (RANGE_KEY)
  toggle      (TOGGLE_KEY)

models:
  enum
    enum-model               effort={low|high}  (effort; default high)
  range
    range-model              thinking_budget=<0–24576>  (thinking budget; 0=off, -1=dynamic; default dynamic)
  toggle
    toggle-model             thinking={on|off}  (thinking; default on)
